         info         | count 
----------------------+-------
 Players table count: |  1529
(1 row)

        info        | count 
--------------------+-------
 Teams table count: |    30
(1 row)

          info          | count 
------------------------+-------
 Plays_for table count: |  6724
(1 row)

        info        | count 
--------------------+-------
 Games table count: | 13209
(1 row)

          info          | count  
------------------------+--------
 Box_score table count: | 280488
(1 row)

       test_description       
------------------------------
 Available teams for testing:
(1 row)

 tid |  tname  
-----+---------
 ATL | Hawks
 BOS | Celtics
 BRK | Nets
 CHI | Bulls
 CHO | Hornets
(5 rows)

    test_description     
-------------------------
 Testing game statistics
(1 row)

  gid  | season | game_date  | home_team | away_team | winner | game_type 
-------+--------+------------+-----------+-----------+--------+-----------
 12214 |   2025 | 2025-04-13 | Spurs     | Raptors   | TOR    | Regular
 12410 |   2025 | 2025-04-13 | Warriors  | Clippers  | LAC    | Regular
 12008 |   2025 | 2025-04-13 | Bucks     | Pistons   | DET    | Regular
 12074 |   2025 | 2025-04-13 | Grizzlies | Mavericks | DAL    | Regular
 12460 |   2025 | 2025-04-13 | Cavaliers | Pacers    | IND    | Regular
(5 rows)

       test_description       
------------------------------
 Testing box score statistics
(1 row)

         pname         | mins | pts | reb | ast | stl | blk | tov | plus_minus 
-----------------------+------+-----+-----+-----+-----+-----+-----+------------
 Luka Dončić           |   45 |  73 |  10 |   7 |   1 |   0 |   4 |         13
 Donovan Mitchell      |   50 |  71 |   8 |  11 |   0 |   1 |   4 |         19
 Damian Lillard        |   39 |  71 |   6 |   6 |   0 |   0 |   2 |         21
 Devin Booker          |   45 |  70 |   8 |   6 |   3 |   1 |   5 |         -6
 Joel Embiid           |   37 |  70 |  18 |   5 |   1 |   1 |   1 |         11
 Giannis Antetokounmpo |   37 |  64 |  14 |   3 |   4 |   1 |   4 |         29
 Karl-Anthony Towns    |   38 |  62 |   8 |   2 |   0 |   0 |   7 |          0
 Devin Booker          |   38 |  62 |   5 |   4 |   1 |   2 |   4 |          1
 Stephen Curry         |   36 |  62 |   5 |   4 |   0 |   0 |   5 |         20
 Jalen Brunson         |   43 |  61 |   4 |   6 |   1 |   0 |   1 |         20
(10 rows)

    test_description     
-------------------------
 Testing plays for table
(1 row)

    pid    | tid | season 
-----------+-----+--------
 benimje01 | UTA |   2015
 bhullsi01 | SAC |   2015
 leema01   | PHI |   2015
 moreler01 | SAC |   2015
 lucaska01 | MEM |   2015
(5 rows)

             test_description             
------------------------------------------
 Testing player search by prefix (LeBron)
(1 row)

    pid    |    pname     
-----------+--------------
 jamesle01 | LeBron James
(1 row)

     test_description     
--------------------------
 Testing players by teams
(1 row)

    pid    |      pname      
-----------+-----------------
 fernabr01 | Bruno Fernando
 horfoal01 | Al Horford
 muscami01 | Mike Muscala
 parkeja01 | Jabari Parker
 rondora01 | Rajon Rondo
 schrode01 | Dennis Schröder
 teaguje01 | Jeff Teague
 turneev01 | Evan Turner
 zellety01 | Tyler Zeller
(9 rows)

               test_description                
-----------------------------------------------
 Testing check if player played for both teams
(1 row)

    pid    |      pname       | tid1 | tid2 | played_for_both 
-----------+------------------+------+------+-----------------
 benimje01 | Jerrelle Benimon | ATL  | BOS  | No
(1 row)

    test_description     
-------------------------
 Testing hint generation
(1 row)

    pid    |       pname       | hint_category | table_order 
-----------+-------------------+---------------+-------------
 schrode01 | Dennis Schröder   | Both Teams    |           1
 youngja01 | James Young       | One Team      |           2
 peterdr01 | Drew Peterson     | One Team      |           2
 kabenmf01 | Mfiondu Kabengele | One Team      |           2
(4 rows)

            test_description             
-----------------------------------------
 Testing generate match rows and columns
(1 row)

 r1  | r2  | r3  | c1  | c2  | c3  
-----+-----+-----+-----+-----+-----
 LAC | LAL | WAS | BOS | CHI | NYK
(1 row)

        test_description        
--------------------------------
 Testing match history sequence
(1 row)

DELETE 2
DELETE 1
DROP TRIGGER
CREATE FUNCTION
CREATE TRIGGER
INSERT 0 1
INSERT 0 2
BEGIN
INSERT 0 2
COMMIT
 mid | result |         played_at          |                              p1_stats                              |                              p2_stats                              
-----+--------+----------------------------+--------------------------------------------------------------------+--------------------------------------------------------------------
  18 | P1 Win | 2025-07-16 14:09:59.357032 | {"correct_guesses" : 5, "incorrect_guesses" : 2, "hints_used" : 1} | {"correct_guesses" : 4, "incorrect_guesses" : 2, "hints_used" : 0}
(1 row)

       test_description        
-------------------------------
 Testing random stat selection
(1 row)

DELETE 1
DELETE 2
INSERT 0 1
BEGIN
DELETE 0
INSERT 0 1
DELETE 0
INSERT 0 1
COMMIT
 stat_name | sort_direction 
-----------+----------------
 ast       | desc
(1 row)

 stat |       last_displayed       
------+----------------------------
 pts  | 2025-07-16 14:09:59.357736
 ast  | 2025-07-16 14:09:59.35783
(2 rows)

       test_description       
------------------------------
 Testing get player statistic
(1 row)

    pid    | season | stat_name | avg_stat 
-----------+--------+-----------+----------
 millele01 |   2024 | ast       |     0.47
(1 row)

